// Vitest Snapshot v1, https://vitest.dev/guide/snapshot.html

exports[`ログインフロー > LoginPage 初期表示 > ログインフォームが正しく表示される > login-page-initial 1`] = `
<div>
  <nav
    class="bg-[#1A535C] text-white"
  >
    <div
      class="container mx-auto px-4"
    >
      <div
        class="flex items-center justify-between h-16"
      >
        <a
          class="text-xl font-bold text-white hover:text-gray-200"
          href="#"
        >
          Todo App
        </a>
        <div
          class="flex items-center space-x-4"
        >
          <a
            class="text-white hover:text-gray-200 transition-colors"
            data-discover="true"
            href="/register"
          >
            Register
          </a>
          <a
            class="text-white hover:text-gray-200 transition-colors"
            data-discover="true"
            href="/login"
          >
            Login
          </a>
        </div>
      </div>
    </div>
  </nav>
  <div
    class="container"
  >
    <div
      class="max-w-md mx-auto mt-8"
    >
      <div
        class="bg-white rounded-lg shadow-md p-6"
      >
        <h2
          class="text-2xl font-bold text-center mb-6"
        >
          Login
        </h2>
        <form>
          <div
            class="mb-4"
          >
            <label
              class="block text-sm font-medium text-gray-700 mb-2"
              for="username"
            >
              Username
            </label>
            <input
              class="w-full px-3 py-2 border border-gray-300 rounded-md focus:outline-none focus:ring-2 focus:ring-blue-500"
              id="username"
              name="username"
              type="text"
              value=""
            />
          </div>
          <div
            class="mb-4"
          >
            <label
              class="block text-sm font-medium text-gray-700 mb-2"
              for="password"
            >
              Password
            </label>
            <input
              class="w-full px-3 py-2 border border-gray-300 rounded-md focus:outline-none focus:ring-2 focus:ring-blue-500"
              id="password"
              name="password"
              type="password"
              value=""
            />
          </div>
          <div
            class="mb-4"
          >
            <button
              class="w-full px-4 py-2 bg-blue-600 text-white rounded-md hover:bg-blue-700 transition-colors"
              type="submit"
            >
              Login
            </button>
          </div>
          <p
            class="text-center text-sm text-gray-600"
          >
            Don't have an account?
             
            <a
              class="text-blue-600 hover:text-blue-700"
              data-discover="true"
              href="/register"
            >
              Register
            </a>
          </p>
        </form>
      </div>
    </div>
  </div>
</div>
`;

exports[`ログインフロー > ログイン成功 > 正しい認証情報でログイン → API呼び出し → ダッシュボードへリダイレクト > login-api-requests 1`] = `
[
  {
    "data": {
      "password": "password123",
      "username": "testuser",
    },
    "method": "POST",
    "url": "/auth/login",
  },
]
`;
