// Vitest Snapshot v1, https://vitest.dev/guide/snapshot.html

exports[`ログインフロー > LoginPage 初期表示 > ログインフォームが正しく表示される > login-page-initial-form 1`] = `
[
  {
    "ariaLabel": "",
    "disabled": false,
    "kind": "input",
    "name": "username",
    "placeholder": "",
    "readOnly": false,
    "required": false,
    "type": "text",
    "value": "",
  },
  {
    "ariaLabel": "",
    "disabled": false,
    "kind": "input",
    "name": "password",
    "placeholder": "",
    "readOnly": false,
    "required": false,
    "type": "password",
    "value": "",
  },
  {
    "ariaLabel": "",
    "disabled": false,
    "kind": "button",
    "textContent": "Login",
    "type": "submit",
  },
]
`;

exports[`ログインフロー > LoginPage 初期表示 > ログインフォームが正しく表示される > login-page-initial-text 1`] = `"Todo App Register Login Login Username Password Login Don't have an account? Register"`;

exports[`ログインフロー > ログイン成功 > 正しい認証情報でログイン → API呼び出し → ダッシュボードへリダイレクト > login-api-requests 1`] = `
[
  {
    "body": {
      "password": "password123",
      "username": "testuser",
    },
    "method": "POST",
    "url": "/auth/login",
  },
  {
    "method": "GET",
    "url": "/todo/",
  },
]
`;
