// Vitest Snapshot v1, https://vitest.dev/guide/snapshot.html

exports[`新規登録フロー > RegisterPage 初期表示 > 登録フォームが正しく表示される > register-page-initial-form 1`] = `
[
  {
    "ariaLabel": "",
    "disabled": false,
    "kind": "input",
    "name": "username",
    "placeholder": "",
    "readOnly": false,
    "required": false,
    "type": "text",
    "value": "",
  },
  {
    "ariaLabel": "",
    "disabled": false,
    "kind": "input",
    "name": "email",
    "placeholder": "",
    "readOnly": false,
    "required": false,
    "type": "email",
    "value": "",
  },
  {
    "ariaLabel": "",
    "disabled": false,
    "kind": "input",
    "name": "password",
    "placeholder": "",
    "readOnly": false,
    "required": false,
    "type": "password",
    "value": "",
  },
  {
    "ariaLabel": "",
    "disabled": false,
    "kind": "input",
    "name": "password2",
    "placeholder": "",
    "readOnly": false,
    "required": false,
    "type": "password",
    "value": "",
  },
  {
    "ariaLabel": "",
    "disabled": false,
    "kind": "button",
    "textContent": "Register",
    "type": "submit",
  },
]
`;

exports[`新規登録フロー > RegisterPage 初期表示 > 登録フォームが正しく表示される > register-page-initial-text 1`] = `"Todo App Register Login Register Username Email Password Confirm Password Register Already have an account? Login"`;

exports[`新規登録フロー > 登録成功 > 正しい情報で登録 → API呼び出し → ダッシュボードへリダイレクト > register-api-requests 1`] = `
[
  {
    "body": {
      "email": "new@example.com",
      "password": "password123",
      "username": "newuser",
    },
    "method": "POST",
    "url": "/auth/register",
  },
  {
    "method": "GET",
    "url": "/todo/",
  },
]
`;
