// Vitest Snapshot v1, https://vitest.dev/guide/snapshot.html

exports[`App > ルート構成をレンダリングできる 1`] = `
<div>
  <div
    data-testid="api-provider"
  >
    <div
      data-testid="auth-provider"
    >
      <div
        class="Toastify"
      />
      <header>
        Header
      </header>
      <div
        class="container mx-auto px-4 bg-[#F7FFF7] min-h-screen"
      >
        <div>
          DashboardPage
        </div>
      </div>
    </div>
  </div>
</div>
`;
