// Vitest Snapshot v1, https://vitest.dev/guide/snapshot.html

exports[`useTodo > add/update/toggle/removeで対応するAPIを呼び、成功時に再取得する 1`] = `
<div>
  <div>
    <p
      data-testid="todo-count"
    >
      1
    </p>
    <button>
      fetch
    </button>
    <button>
      fetchWithCriteria
    </button>
    <button>
      add
    </button>
    <button>
      update
    </button>
    <button>
      toggle
    </button>
    <button>
      remove
    </button>
    <button>
      validate
    </button>
    <pre
      id="errors"
    />
  </div>
</div>
`;

exports[`useTodo > fetchTodosは検索条件を正規化してGETを呼び出す 1`] = `
<div>
  <div>
    <p
      data-testid="todo-count"
    >
      1
    </p>
    <button>
      fetch
    </button>
    <button>
      fetchWithCriteria
    </button>
    <button>
      add
    </button>
    <button>
      update
    </button>
    <button>
      toggle
    </button>
    <button>
      remove
    </button>
    <button>
      validate
    </button>
    <pre
      id="errors"
    />
  </div>
</div>
`;

exports[`useTodo > toggle/updateでバリデーションエラー時は再取得しない 1`] = `
<div>
  <div>
    <p
      data-testid="todo-count"
    >
      0
    </p>
    <button>
      fetch
    </button>
    <button>
      fetchWithCriteria
    </button>
    <button>
      add
    </button>
    <button>
      update
    </button>
    <button>
      toggle
    </button>
    <button>
      remove
    </button>
    <button>
      validate
    </button>
    <pre
      id="errors"
    />
  </div>
</div>
`;

exports[`useTodo > validateTodoは必須・繰り返し時の期限必須エラーを返す 1`] = `
<pre
  id="errors"
>
  [{"field":"name","reason":"required"},{"field":"dueDate","reason":"required"}]
</pre>
`;

exports[`useTodo > クライアントバリデーションエラー時はAPIを呼ばない 1`] = `
<div>
  <button>
    add-invalid
  </button>
</div>
`;
