// Vitest Snapshot v1, https://vitest.dev/guide/snapshot.html

exports[`TodoSearchControls > キーワード・状態・期限の変更をonChangeへ通知する > form 1`] = `
[
  {
    "ariaLabel": "",
    "disabled": false,
    "kind": "input",
    "name": "",
    "placeholder": "タスク名・詳細で検索",
    "readOnly": false,
    "required": false,
    "type": "text",
    "value": "abc",
  },
  {
    "disabled": false,
    "kind": "select",
    "name": "",
    "options": [
      {
        "selected": false,
        "text": "すべて",
        "value": "all",
      },
      {
        "selected": false,
        "text": "着手前",
        "value": "not_started",
      },
      {
        "selected": true,
        "text": "進行中",
        "value": "in_progress",
      },
      {
        "selected": false,
        "text": "完了",
        "value": "completed",
      },
    ],
    "required": false,
    "value": "in_progress",
  },
  {
    "disabled": false,
    "kind": "select",
    "name": "",
    "options": [
      {
        "selected": false,
        "text": "すべて",
        "value": "all",
      },
      {
        "selected": true,
        "text": "今日",
        "value": "today",
      },
      {
        "selected": false,
        "text": "今週",
        "value": "this_week",
      },
      {
        "selected": false,
        "text": "期限切れ",
        "value": "overdue",
      },
      {
        "selected": false,
        "text": "期限なし",
        "value": "none",
      },
    ],
    "required": false,
    "value": "today",
  },
  {
    "ariaLabel": "",
    "disabled": false,
    "kind": "button",
    "textContent": "クリア",
    "type": "button",
  },
]
`;

exports[`TodoSearchControls > キーワード・状態・期限の変更をonChangeへ通知する > text 1`] = `"検索・フィルタ 検索 状態 すべて 着手前 進行中 完了 期限 すべて 今日 今週 期限切れ 期限なし クリア"`;

exports[`TodoSearchControls > クリアボタンでデフォルト値に戻す > form 1`] = `
[
  {
    "ariaLabel": "",
    "disabled": false,
    "kind": "input",
    "name": "",
    "placeholder": "タスク名・詳細で検索",
    "readOnly": false,
    "required": false,
    "type": "text",
    "value": "abc",
  },
  {
    "disabled": false,
    "kind": "select",
    "name": "",
    "options": [
      {
        "selected": false,
        "text": "すべて",
        "value": "all",
      },
      {
        "selected": false,
        "text": "着手前",
        "value": "not_started",
      },
      {
        "selected": true,
        "text": "進行中",
        "value": "in_progress",
      },
      {
        "selected": false,
        "text": "完了",
        "value": "completed",
      },
    ],
    "required": false,
    "value": "in_progress",
  },
  {
    "disabled": false,
    "kind": "select",
    "name": "",
    "options": [
      {
        "selected": false,
        "text": "すべて",
        "value": "all",
      },
      {
        "selected": true,
        "text": "今日",
        "value": "today",
      },
      {
        "selected": false,
        "text": "今週",
        "value": "this_week",
      },
      {
        "selected": false,
        "text": "期限切れ",
        "value": "overdue",
      },
      {
        "selected": false,
        "text": "期限なし",
        "value": "none",
      },
    ],
    "required": false,
    "value": "today",
  },
  {
    "ariaLabel": "",
    "disabled": false,
    "kind": "button",
    "textContent": "クリア",
    "type": "button",
  },
]
`;

exports[`TodoSearchControls > クリアボタンでデフォルト値に戻す > text 1`] = `"検索・フィルタ 検索 状態 すべて 着手前 進行中 完了 期限 すべて 今日 今週 期限切れ 期限なし クリア"`;
